// Jest Snapshot v1, https://goo.gl/fbAQLP

exports[`TodoItem Component Snapshots renders todo item correctly 1`] = `
<div>
  <div
    class="card mb-3"
  >
    <div
      class="card-body"
    >
      <div
        class="row align-items-start g-3"
      >
        <div
          class="col"
        >
          <div
            class="form-check"
          >
            <input
              class="form-check-input mt-2"
              id="todo-1"
              type="checkbox"
            />
            <label
              class="form-check-label w-100 "
              for="todo-1"
            >
              <div
                class="ms-2"
              >
                <h5
                  class="card-title mb-1 text-break"
                >
                  Test Todo
                </h5>
                <h6
                  class="card-subtitle mb-2 text-body-secondary"
                >
                  <i
                    class="bi bi-clock me-1"
                  />
                  Last updated: 
                  2/16/2024, 6:00:00 PM
                </h6>
                <p
                  class="card-text text-break mb-0"
                >
                  Test Description
                </p>
              </div>
            </label>
          </div>
        </div>
        <div
          class="col-auto"
        >
          <div
            class="btn-group"
          >
            <button
              aria-label="Edit todo"
              class="btn btn-secondary btn-sm"
              data-testid="edit-todo-1"
              type="button"
            >
              <i
                class="bi bi-pencil-square me-1"
              />
            </button>
            <button
              aria-label="Delete todo"
              class="btn btn-danger btn-sm"
              data-testid="delete-todo-1"
              type="button"
            >
              <i
                class="bi bi-trash me-1"
              />
            </button>
          </div>
        </div>
      </div>
    </div>
  </div>
</div>
`;
