// Jest Snapshot v1, https://goo.gl/fbAQLP

exports[`TodoList Component Snapshots renders empty list correctly 1`] = `
<div>
  <div
    class="alert alert-info"
    role="alert"
  >
    No todos yet. Add your first todo!
  </div>
</div>
`;

exports[`TodoList Component Snapshots renders list with todos correctly 1`] = `
<div>
  <div
    class="d-flex flex-column gap-1"
  >
    <div
      class="card mb-1"
      data-testid="todo-item-1"
    >
      <div
        class="card-body"
      >
        <div
          class="row align-items-start g-2"
        >
          <div
            class="col"
          >
            <div
              class="form-check"
            >
              <input
                class="form-check-input mt-2"
                id="todo-1"
                type="checkbox"
                value="1"
              />
              <label
                class="form-check-label w-100 "
                for="todo-1"
              >
                <div
                  class="ms-2"
                >
                  <div
                    class="d-flex align-items-center gap-2 mb-3"
                  >
                    <h5
                      class="card-title mb-0 text-break "
                    >
                      First Todo
                    </h5>
                    <span
                      class="badge bg-undefined"
                      title="Priority: undefined"
                    />
                  </div>
                  <h6
                    class="card-subtitle text-body-secondary mb-2"
                  >
                    <i
                      aria-hidden="true"
                      class="bi bi-clock me-1"
                    />
                    Updated:
                     
                    2/16/2024, 9:00:00 AM
                  </h6>
                  <p
                    class="card-text text-break mt-2 mb-0 "
                  >
                    First Description
                  </p>
                </div>
              </label>
            </div>
          </div>
          <div
            class="col-auto"
          >
            <div
              class="btn-group"
            >
              <button
                aria-label="Edit todo "First Todo""
                class="btn btn-secondary btn-sm"
                data-testid="edit-todo-1"
                type="button"
              >
                <i
                  aria-hidden="true"
                  class="bi bi-pencil-square me-1"
                />
                Edit
              </button>
              <button
                aria-label="Delete todo "First Todo""
                class="btn btn-danger btn-sm"
                data-testid="delete-todo-1"
                type="button"
              >
                <i
                  aria-hidden="true"
                  class="bi bi-trash me-1"
                />
                Delete
              </button>
            </div>
          </div>
        </div>
      </div>
    </div>
    <div
      class="card mb-1"
      data-testid="todo-item-2"
    >
      <div
        class="card-body"
      >
        <div
          class="row align-items-start g-2"
        >
          <div
            class="col"
          >
            <div
              class="form-check"
            >
              <input
                class="form-check-input mt-2"
                id="todo-2"
                type="checkbox"
                value="2"
              />
              <label
                class="form-check-label w-100 "
                for="todo-2"
              >
                <div
                  class="ms-2"
                >
                  <div
                    class="d-flex align-items-center gap-2 mb-3"
                  >
                    <h5
                      class="card-title mb-0 text-break "
                    >
                      Second Todo
                    </h5>
                    <span
                      class="badge bg-undefined"
                      title="Priority: undefined"
                    />
                  </div>
                  <h6
                    class="card-subtitle text-body-secondary mb-2"
                  >
                    <i
                      aria-hidden="true"
                      class="bi bi-clock me-1"
                    />
                    Updated:
                     
                    2/16/2024, 10:00:00 AM
                  </h6>
                  <p
                    class="card-text text-break mt-2 mb-0 "
                  >
                    Second Description
                  </p>
                </div>
              </label>
            </div>
          </div>
          <div
            class="col-auto"
          >
            <div
              class="btn-group"
            >
              <button
                aria-label="Edit todo "Second Todo""
                class="btn btn-secondary btn-sm"
                data-testid="edit-todo-2"
                type="button"
              >
                <i
                  aria-hidden="true"
                  class="bi bi-pencil-square me-1"
                />
                Edit
              </button>
              <button
                aria-label="Delete todo "Second Todo""
                class="btn btn-danger btn-sm"
                data-testid="delete-todo-2"
                type="button"
              >
                <i
                  aria-hidden="true"
                  class="bi bi-trash me-1"
                />
                Delete
              </button>
            </div>
          </div>
        </div>
      </div>
    </div>
  </div>
</div>
`;
